Last login: Wed Jul 31 23:16:46 on ttys000
(base) Abhisheks-MacBook-Pro-2:~ abhishekjambhale$ git status
On branch master
Changes not staged for commit:
  (use "git add <file>..." to update what will be committed)
  (use "git checkout -- <file>..." to discard changes in working directory)

	modified:   abhishek_github/.DS_Store

Untracked files:
  (use "git add <file>..." to include in what will be committed)

	.CFUserTextEncoding
	.DS_Store
	.anaconda/
	.bash_history
	.bash_profile
	.bash_sessions/
	.conda/
	.condarc
	.continuum/
	.cups/
	.gitconfig
	.ipynb_checkpoints/
	.ipython/
	.jupyter/
	.matplotlib/
	.spyder-py3/
	Applications/
	Creative Cloud Files/
	Desktop/
	Documents/
	Downloads/
	Google Drive (abhishekvjambhale@gmail.com)/
	Google Drive/
	GreyAtom Class 2 120519.ipynb
	Kindle/
	Library/
	Movies/
	Music/
	Pen Drive/
	Pictures/
	Public/
	Work Files/
	abhishek_github/csv_files/.ipynb_checkpoints/
	abhishek_github/csv_files/abhishek_Credit_assignment.ipynb
	anaconda3/
	bluetooth/
	iCloud Drive (Archive) - 1/
	iCloud Drive (Archive) - 2/
	iCloud Drive (Archive)/
	oradiag_abhishekjambha/

no changes added to commit (use "git add" and/or "git commit -a")
(base) Abhisheks-MacBook-Pro-2:~ abhishekjambhale$ ls
Applications
Assignments
Class Notes
Creative Cloud Files
Desktop
Documents
Downloads
Google Drive
Google Drive (abhishekvjambhale@gmail.com)
GreyAtom Class 2 120519.ipynb
Kindle
Library
Movies
Music
Pen Drive
Pictures
Public
Work Files
abhishek_github
anaconda3
bluetooth
iCloud Drive (Archive)
iCloud Drive (Archive) - 1
iCloud Drive (Archive) - 2
lib
oradiag_abhishekjambha
(base) Abhisheks-MacBook-Pro-2:~ abhishekjambhale$ git add abhishek_github
(base) Abhisheks-MacBook-Pro-2:~ abhishekjambhale$ git status
On branch master
Changes to be committed:
  (use "git reset HEAD <file>..." to unstage)

	modified:   abhishek_github/.DS_Store
	new file:   abhishek_github/csv_files/.ipynb_checkpoints/abhishek_Credit_assignment-checkpoint.ipynb
	new file:   abhishek_github/csv_files/abhishek_Credit_assignment.ipynb

Untracked files:
  (use "git add <file>..." to include in what will be committed)

	.CFUserTextEncoding
	.DS_Store
	.anaconda/
	.bash_history
	.bash_profile
	.bash_sessions/
	.conda/
	.condarc
	.continuum/
	.cups/
	.gitconfig
	.ipynb_checkpoints/
	.ipython/
	.jupyter/
	.matplotlib/
	.spyder-py3/
	Applications/
	Creative Cloud Files/
	Desktop/
	Documents/
	Downloads/
	Google Drive (abhishekvjambhale@gmail.com)/
	Google Drive/
	GreyAtom Class 2 120519.ipynb
	Kindle/
	Library/
	Movies/
	Music/
	Pen Drive/
	Pictures/
	Public/
	Work Files/
	anaconda3/
	bluetooth/
	iCloud Drive (Archive) - 1/
	iCloud Drive (Archive) - 2/
	iCloud Drive (Archive)/
	oradiag_abhishekjambha/

(base) Abhisheks-MacBook-Pro-2:~ abhishekjambhale$ git open master
git: 'open' is not a git command. See 'git --help'.

The most similar commands are
	clean
	clone
	notes
	prune
(base) Abhisheks-MacBook-Pro-2:~ abhishekjambhale$ git master
git: 'master' is not a git command. See 'git --help'.
(base) Abhisheks-MacBook-Pro-2:~ abhishekjambhale$ git init
Reinitialized existing Git repository in /Users/abhishekjambhale/.git/
(base) Abhisheks-MacBook-Pro-2:~ abhishekjambhale$ git remove add origin https://github.com/arunabh-majumdar/ga_homework_assignments.git
git: 'remove' is not a git command. See 'git --help'.

The most similar command is
	remote
(base) Abhisheks-MacBook-Pro-2:~ abhishekjambhale$ git remote add origin https://github.com/arunabh-majumdar/ga_homework_assignments.git
fatal: remote origin already exists.
(base) Abhisheks-MacBook-Pro-2:~ abhishekjambhale$ git pull origin master
remote: Enumerating objects: 6, done.
remote: Counting objects: 100% (6/6), done.
remote: Compressing objects: 100% (4/4), done.
remote: Total 5 (delta 2), reused 3 (delta 1), pack-reused 0
Unpacking objects: 100% (5/5), done.
From https://github.com/arunabh-majumdar/ga_homework_assignments
 * branch            master     -> FETCH_HEAD
   ef3ae14..18d92f4  master     -> origin/master
fatal: refusing to merge unrelated histories
(base) Abhisheks-MacBook-Pro-2:~ abhishekjambhale$ git add abhishek_github
(base) Abhisheks-MacBook-Pro-2:~ abhishekjambhale$ git commit -m "abhishek code"
[master c35024a] abhishek code
 3 files changed, 1115 insertions(+)
 create mode 100644 abhishek_github/csv_files/.ipynb_checkpoints/abhishek_Credit_assignment-checkpoint.ipynb
 create mode 100644 abhishek_github/csv_files/abhishek_Credit_assignment.ipynb
(base) Abhisheks-MacBook-Pro-2:~ abhishekjambhale$ git push origin master
To https://github.com/arunabh-majumdar/ga_homework_assignments.git
 ! [rejected]        master -> master (non-fast-forward)
error: failed to push some refs to 'https://github.com/arunabh-majumdar/ga_homework_assignments.git'
hint: Updates were rejected because the tip of your current branch is behind
hint: its remote counterpart. Integrate the remote changes (e.g.
hint: 'git pull ...') before pushing again.
hint: See the 'Note about fast-forwards' in 'git push --help' for details.
(base) Abhisheks-MacBook-Pro-2:~ abhishekjambhale$ 
